// Jest Snapshot v1, https://goo.gl/fbAQLP

exports[`google-maps module Data.js expects component to match snapshot 1`] = `
<Dummy
  setTabValue={[Function]}
  tabValue="lists"
/>
`;
