// Jest Snapshot v1, https://goo.gl/fbAQLP

exports[`bootlogo module index.js expects component to match snapshot 1`] = `
<lifecycle(WithStyles(View))
  fadeIn={true}
  setFadeIn={[Function]}
  setShowElement={[Function]}
  showElement={true}
/>
`;
