// Jest Snapshot v1, https://goo.gl/fbAQLP

exports[`app module Logic.js expects component to match snapshot 1`] = `
<Dummy
  isBootIconVisible={true}
  setBootIconVisible={[Function]}
/>
`;
