// Jest Snapshot v1, https://goo.gl/fbAQLP

exports[`clock index.js expects component to match snapshot 1`] = `
<WithStyles(View)
  setTime={[Function]}
  time="16:10"
/>
`;
