// Jest Snapshot v1, https://goo.gl/fbAQLP

exports[`clock component Logic.js expects component to match snapshot 1`] = `
<Dummy
  setTime={[Function]}
  time="16:10"
/>
`;
